// Jest Snapshot v1, https://goo.gl/fbAQLP

exports[`CameraContainer should match the snapshot 1`] = `
<div>
  <div
    class="camera-container"
    style="opacity: 0;"
  >
    <div>
      <div
        class="camera"
      >
        <div>
          <video
            autoplay=""
            id="video"
            playsinline=""
            style="filter: blur(25px); transform: scale(1.2);"
            width="100%"
          />
          <canvas
            id="video-preview"
          />
          <div />
        </div>
      </div>
    </div>
  </div>
</div>
`;
