// Jest Snapshot v1, https://goo.gl/fbAQLP

exports[`StoryItem should match the snapshot 1`] = `
<div>
  <Timeline
    paused={true}
    totalProgress={0}
  >
    <div
      className="card story-item"
      data-story-card={0}
      data-story-card-last={false}
      id="story-item"
      style={
        Object {
          "transform": "translate3d(0px, -67px, 0px)",
        }
      }
    >
      <div
        className="story-title-bar"
      >
        <div
          className="story-title"
        >
          Story Title
        </div>
      </div>
      <Timeline
        paused={true}
        target={
          <img
            alt="story_item"
            aria-label="title by people used as a background image"
            className="card-img-top"
            role="img"
            src="art_url?crop=faces,entropy&fit=crop&w=0&h=0"
            style={
              Object {
                "width": "100%",
              }
            }
          />
        }
        totalProgress={0}
      >
        <Tween
          duration={0.2}
          ease="easeOut"
          from={
            Object {
              "css": Object {
                "borderRadius": "24px 24px 0px 0px",
              },
            }
          }
          to={
            Object {
              "css": Object {
                "borderRadius": "0px 0px 0px 0px",
              },
            }
          }
        />
      </Timeline>
      <Timeline
        paused={true}
        target={
          <div
            className="overlay"
          />
        }
        totalProgress={0}
      >
        <Tween
          duration={0.1}
          ease="easeOut"
          from={
            Object {
              "autoAlpha": 0,
              "borderRadius": "24px 24px 0px 0px",
            }
          }
          to={
            Object {
              "autoAlpha": 0.6,
              "borderRadius": "0px 0px 0px 0px",
            }
          }
        />
      </Timeline>
      <div
        className="overlay"
        id="overlayRef"
      />
      <div
        className="content-mask"
      >
        <div
          className="card-img-overlay"
        >
          <div
            className="scroll-text"
            id="contentRef"
          >
            <div
              aria-hidden={false}
              className="story-name"
              id="story-here-0"
            >
              Story Title
            </div>
            <VisibilitySensor
              active={true}
              containment={null}
              delayedCall={false}
              intervalCheck={true}
              intervalDelay={100}
              minTopValue={0}
              offset={Object {}}
              onChange={[Function]}
              partialVisibility={false}
              resizeCheck={false}
              resizeDelay={250}
              resizeThrottle={-1}
              scrollCheck={false}
              scrollDelay={250}
              scrollThrottle={-1}
            >
              <div
                className="story-text"
                dangerouslySetInnerHTML={
                  Object {
                    "__html": "html",
                  }
                }
                id="story-text-0"
                style={Object {}}
              />
            </VisibilitySensor>
            <div
              className="story-footer"
              style={
                Object {
                  "paddingBottom": "200px",
                }
              }
            >
              title, displayDate
              <br />
              people
										
										 (nationality, birthDate - deathDate)
										
            </div>
          </div>
        </div>
      </div>
    </div>
  </Timeline>
</div>
`;
